// Jest Snapshot v1, https://goo.gl/fbAQLP

exports[`App component renders App 1`] = `
<DocumentFragment>
  <div
    class="header"
  >
    <h1>
      AC VILLAGERS
    </h1>
  </div>
  <div
    data-testid="villagers"
  >
    <div>
      <div
        class="villagerList"
      />
    </div>
  </div>
</DocumentFragment>
`;
